
    Compilation and installation


root@debian:/home/ivelin/dev/apache2_mod_example/a2_mod_test# apxs -c -i mod_test.c
/usr/share/apr-1.0/build/libtool  --mode=compile --tag=disable-static x86_64-linux-gnu-gcc -prefer-pic -pipe -g -O2 -Werror=implicit-function-declaration -fstack-protector-strong -fstack-clash-protection -Wformat -Werror=format-security -fcf-protection  -Wdate-time -D_FORTIFY_SOURCE=2   -DLINUX -D_REENTRANT -D_GNU_SOURCE   -I/usr/include/apache2  -I/usr/include/apr-1.0   -I/usr/include/apr-1.0 -I/usr/include  -c -o mod_test.lo mod_test.c && touch mod_test.slo
libtool: compile:  x86_64-linux-gnu-gcc -pipe -g -O2 -Werror=implicit-function-declaration -fstack-protector-strong -fstack-clash-protection -Wformat -Werror=format-security -fcf-protection -Wdate-time -D_FORTIFY_SOURCE=2 -DLINUX -D_REENTRANT -D_GNU_SOURCE -I/usr/include/apache2 -I/usr/include/apr-1.0 -I/usr/include/apr-1.0 -I/usr/include -c mod_test.c  -fPIC -DPIC -o .libs/mod_test.o
/usr/share/apr-1.0/build/libtool  --mode=link --tag=disable-static x86_64-linux-gnu-gcc -Wl,--as-needed -Wl,-z,relro -Wl,-z,now -lpcre2-8 -L/usr/lib/x86_64-linux-gnu/libpcre2-8.so.0    -o mod_test.la  -rpath /usr/lib/apache2/modules -module -avoid-version    mod_test.lo
libtool: link: rm -fr  .libs/mod_test.la .libs/mod_test.lai .libs/mod_test.so
libtool: link: x86_64-linux-gnu-gcc -shared  -fPIC -DPIC  .libs/mod_test.o   -lpcre2-8 -L/usr/lib/x86_64-linux-gnu/libpcre2-8.so.0  -Wl,--as-needed -Wl,-z -Wl,relro -Wl,-z -Wl,now   -Wl,-soname -Wl,mod_test.so -o .libs/mod_test.so
libtool: link: ( cd ".libs" && rm -f "mod_test.la" && ln -s "../mod_test.la" "mod_test.la" )
/usr/share/apache2/build/instdso.sh SH_LIBTOOL='/usr/share/apr-1.0/build/libtool' mod_test.la /usr/lib/apache2/modules
/usr/share/apr-1.0/build/libtool --mode=install install mod_test.la /usr/lib/apache2/modules/
libtool: install: install .libs/mod_test.so /usr/lib/apache2/modules/mod_test.so
libtool: install: install .libs/mod_test.lai /usr/lib/apache2/modules/mod_test.la
libtool: finish: PATH="/usr/local/sbin:/usr/local/bin:/usr/sbin:/usr/bin:/sbin:/bin:/sbin" ldconfig -n /usr/lib/apache2/modules
----------------------------------------------------------------------
Libraries have been installed in:
   /usr/lib/apache2/modules

If you ever happen to want to link against installed libraries
in a given directory, LIBDIR, you must either use libtool, and
specify the full pathname of the library, or use the '-LLIBDIR'
flag during linking and do at least one of the following:
   - add LIBDIR to the 'LD_LIBRARY_PATH' environment variable
     during execution
   - add LIBDIR to the 'LD_RUN_PATH' environment variable
     during linking
   - use the '-Wl,-rpath -Wl,LIBDIR' linker flag
   - have your system administrator add LIBDIR to '/etc/ld.so.conf'

See any operating system documentation about shared libraries for
more information, such as the ld(1) and ld.so(8) manual pages.
----------------------------------------------------------------------
chmod 644 /usr/lib/apache2/modules/mod_test.so
root@debian:/home/ivelin/dev/apache2_mod_example/a2_mod_test#



    Apache2 configuration


Adding configuration to a separate conf file (no need to mess with apache2 main configuration files).
The proposed path of "LoadModule" directive was not working, thus I change it to a working one:

LoadModule test_module /usr/lib/apache2/modules/mod_test.so
<Location /test>
SetHandler test
</Location>

root@debian:~# nano /etc/apache2/conf-available/ivelin-test.conf
root@debian:~# a2enconf ivelin-test
Enabling conf ivelin-test.
To activate the new configuration, you need to run:
  systemctl reload apache2
root@debian:~# apachectl restart
root@debian:~# lynx -mime_header http://localhost/test
HTTP/1.1 200 OK
Date: Sun, 16 Mar 2025 07:42:12 GMT
Server: Apache/2.4.63 (Debian)
Content-Length: 32
Connection: close
Content-Type: text/html

The sample page from mod_test.c
root@debian:~#
